// Jest Snapshot v1, https://goo.gl/fbAQLP

exports[`CourseList: When async operation is running should render loading dots 1`] = `
<CourseList
  asyncInProgress={0}
  courseList={Array []}
  lecturers={Array []}
>
  <div>
    <Button
      name="Create Course"
      onClick={[Function]}
    >
      <button
        className=""
        onClick={[Function]}
      >
        Create Course
      </button>
    </Button>
    <CourseTable
      courses={Array []}
      lecturers={Array []}
    >
      <table
        style={
          Object {
            "margin": "20px auto",
            "maxWidth": "90%",
          }
        }
      >
        <tbody>
          <tr>
            <th
              style={
                Object {
                  "textAlign": "center",
                  "width": "20%",
                }
              }
            >
              Title
            </th>
            <th
              style={
                Object {
                  "textAlign": "center",
                  "width": "20%",
                }
              }
            >
              Lecturer
            </th>
            <th
              style={
                Object {
                  "textAlign": "center",
                  "width": "20%",
                }
              }
            >
              Address
            </th>
            <th
              style={
                Object {
                  "textAlign": "center",
                  "width": "20%",
                }
              }
            >
              Date
            </th>
            <th
              style={
                Object {
                  "textAlign": "center",
                  "width": "20%",
                }
              }
            >
              Time
            </th>
          </tr>
        </tbody>
      </table>
    </CourseTable>
     
  </div>
</CourseList>
`;
